{"synthetic": false,
 "schemaVersion": "2025-09-10",
 "outputs":
 {"o": ["9246b46f1f06c263.olean"],
  "m": false,
  "i": "3da590f8d9e4faff.ilean",
  "c": "9960fcb3371cbfb2.c"},
 "log":
 [{"message":
   ".> LEAN_PATH=/home/penberg/src/penberg/vsr-rs/veil/.lake/packages/Cli/.lake/build/lib/lean:/home/penberg/src/penberg/vsr-rs/veil/.lake/packages/batteries/.lake/build/lib/lean:/home/penberg/src/penberg/vsr-rs/veil/.lake/packages/aesop/.lake/build/lib/lean:/home/penberg/src/penberg/vsr-rs/veil/.lake/packages/proofwidgets/.lake/build/lib/lean:/home/penberg/src/penberg/vsr-rs/veil/.lake/packages/importGraph/.lake/build/lib/lean:/home/penberg/src/penberg/vsr-rs/veil/.lake/packages/LeanSearchClient/.lake/build/lib/lean:/home/penberg/src/penberg/vsr-rs/veil/.lake/packages/plausible/.lake/build/lib/lean:/home/penberg/src/penberg/vsr-rs/veil/.lake/packages/auto/.lake/build/lib/lean:/home/penberg/src/penberg/vsr-rs/veil/.lake/packages/cvc5/.lake/build/lib/lean:/home/penberg/src/penberg/vsr-rs/veil/.lake/packages/Qq/.lake/build/lib/lean:/home/penberg/src/penberg/vsr-rs/veil/.lake/packages/mathlib/.lake/build/lib/lean:/home/penberg/src/penberg/vsr-rs/veil/.lake/packages/smt/.lake/build/lib/lean:/home/penberg/src/penberg/vsr-rs/veil/.lake/packages/Loom/.lake/build/lib/lean:/home/penberg/src/penberg/vsr-rs/veil/.lake/packages/veil/.lake/build/lib/lean:/home/penberg/src/penberg/vsr-rs/veil/.lake/build/lib/lean /home/penberg/.elan/toolchains/leanprover--lean4---v4.32.0/bin/lean /home/penberg/src/penberg/vsr-rs/veil/Vsr/Smoke.lean -o /home/penberg/src/penberg/vsr-rs/veil/.lake/build/lib/lean/Vsr/Smoke.olean -i /home/penberg/src/penberg/vsr-rs/veil/.lake/build/lib/lean/Vsr/Smoke.ilean -c /home/penberg/src/penberg/vsr-rs/veil/.lake/build/ir/Vsr/Smoke.c --setup /home/penberg/src/penberg/vsr-rs/veil/.lake/build/ir/Vsr/Smoke.setup.json --json",
   "level": "trace"},
  {"message":
   "Vsr/Smoke.lean:10:0: Initialization must establish the invariant:\n  doesNotThrow ... ✅\n  one ... ✅\nThe following set of actions must preserve the invariant and successfully terminate:\n  elect\n    doesNotThrow ... ✅\n    one ... ✅",
   "level": "info"},
  {"message":
   "Vsr/Smoke.lean:10:0: Trusting SMT solver for 2 goals. `set_option veil.smt.trust false` to enable proof reconstruction.",
   "level": "warning"}],
 "inputs":
 [["Vsr.Smoke:deps",
   [["deps",
     [["«vsr-veil»/Vsr:extraDep",
       [["@«vsr-veil»:extraDep", "00000000000006bb"]]],
      ["imports",
       [["Veil transitive imports (legacy)", "d4ba57ad5490f5ef"],
        ["Veil:importAllArts", "860b8d84e265887b"]]]]],
    ["libs",
     [["import dynlibs",
       [["/home/penberg/src/penberg/vsr-rs/veil/.lake/packages/smt/.lake/build/lib/libsmt_Smt.so",
         "2c453faa202ec26e"],
        ["/home/penberg/src/penberg/vsr-rs/veil/.lake/packages/cvc5/.lake/build/lib/libcvc5_cvc5.so",
         "893f18a37313b473"],
        ["/home/penberg/src/penberg/vsr-rs/veil/.lake/packages/auto/.lake/build/lib/libauto_Auto.so",
         "9dbbb09fd8ffed1a"]]],
      ["package external libraries", "00000000000006bb"],
      ["module dynlibs", "00000000000006bb"],
      ["module plugins", "00000000000006bb"]]]]],
  ["Lean 4.32.0, commit 8c9756b28d64dab099da31a4c09229a9e6a2ef35",
   "5d4a267a1ba5cafb"],
  ["/home/penberg/src/penberg/vsr-rs/veil/Vsr/Smoke.lean", "a62cf52755898965"],
  ["options", "00000000000006bb"],
  ["isModule: false", "feefd2a0d3a1847e"],
  ["Module.name: Vsr.Smoke", "32065cd55edebd7d"],
  ["Package.id?: (some vsr-veil)", "edff6f66597aa212"],
  ["Module.leanArgs: #[]", "00000000000006bb"]],
 "depHash": "d1082f8fe6960045"}