{"synthetic": false,
 "schemaVersion": "2025-09-10",
 "outputs":
 {"o": ["3dfa477ecc3bfcce.olean"],
  "m": false,
  "i": "5846c90cf8d808c5.ilean",
  "c": "98555d731907f84f.c"},
 "log":
 [{"message":
   ".> LEAN_PATH=/home/penberg/src/penberg/vsr-rs/veil/.lake/packages/Cli/.lake/build/lib/lean:/home/penberg/src/penberg/vsr-rs/veil/.lake/packages/batteries/.lake/build/lib/lean:/home/penberg/src/penberg/vsr-rs/veil/.lake/packages/aesop/.lake/build/lib/lean:/home/penberg/src/penberg/vsr-rs/veil/.lake/packages/proofwidgets/.lake/build/lib/lean:/home/penberg/src/penberg/vsr-rs/veil/.lake/packages/importGraph/.lake/build/lib/lean:/home/penberg/src/penberg/vsr-rs/veil/.lake/packages/LeanSearchClient/.lake/build/lib/lean:/home/penberg/src/penberg/vsr-rs/veil/.lake/packages/plausible/.lake/build/lib/lean:/home/penberg/src/penberg/vsr-rs/veil/.lake/packages/auto/.lake/build/lib/lean:/home/penberg/src/penberg/vsr-rs/veil/.lake/packages/cvc5/.lake/build/lib/lean:/home/penberg/src/penberg/vsr-rs/veil/.lake/packages/Qq/.lake/build/lib/lean:/home/penberg/src/penberg/vsr-rs/veil/.lake/packages/mathlib/.lake/build/lib/lean:/home/penberg/src/penberg/vsr-rs/veil/.lake/packages/smt/.lake/build/lib/lean:/home/penberg/src/penberg/vsr-rs/veil/.lake/packages/Loom/.lake/build/lib/lean:/home/penberg/src/penberg/vsr-rs/veil/.lake/packages/veil/.lake/build/lib/lean:/home/penberg/src/penberg/vsr-rs/veil/.lake/build/lib/lean /home/penberg/.elan/toolchains/leanprover--lean4---v4.32.0/bin/lean /home/penberg/src/penberg/vsr-rs/veil/Vsr.lean -o /home/penberg/src/penberg/vsr-rs/veil/.lake/build/lib/lean/Vsr.olean -i /home/penberg/src/penberg/vsr-rs/veil/.lake/build/lib/lean/Vsr.ilean -c /home/penberg/src/penberg/vsr-rs/veil/.lake/build/ir/Vsr.c --setup /home/penberg/src/penberg/vsr-rs/veil/.lake/build/ir/Vsr.setup.json --json",
   "level": "trace"}],
 "inputs":
 [["Vsr:deps",
   [["deps",
     [["«vsr-veil»/Vsr:extraDep",
       [["@«vsr-veil»:extraDep", "00000000000006bb"]]],
      ["imports",
       [["Vsr.Smoke transitive imports (legacy)", "6913b17567218eaa"],
        ["Vsr.Smoke:importAllArts", "c26ab3cf723880fd"]]]]],
    ["libs",
     [["import dynlibs",
       [["/home/penberg/src/penberg/vsr-rs/veil/.lake/packages/smt/.lake/build/lib/libsmt_Smt.so",
         "2c453faa202ec26e"],
        ["/home/penberg/src/penberg/vsr-rs/veil/.lake/packages/cvc5/.lake/build/lib/libcvc5_cvc5.so",
         "893f18a37313b473"],
        ["/home/penberg/src/penberg/vsr-rs/veil/.lake/packages/auto/.lake/build/lib/libauto_Auto.so",
         "9dbbb09fd8ffed1a"]]],
      ["package external libraries", "00000000000006bb"],
      ["module dynlibs", "00000000000006bb"],
      ["module plugins", "00000000000006bb"]]]]],
  ["Lean 4.32.0, commit 8c9756b28d64dab099da31a4c09229a9e6a2ef35",
   "5d4a267a1ba5cafb"],
  ["/home/penberg/src/penberg/vsr-rs/veil/Vsr.lean", "f092f94a2cc48c19"],
  ["options", "00000000000006bb"],
  ["isModule: false", "feefd2a0d3a1847e"],
  ["Module.name: Vsr", "d2fd3c0dd45c7cab"],
  ["Package.id?: (some vsr-veil)", "edff6f66597aa212"],
  ["Module.leanArgs: #[]", "00000000000006bb"]],
 "depHash": "e644f0ec756145d0"}